// Jest Snapshot v1, https://goo.gl/fbAQLP

exports[`renders correctly 1`] = `
<ActivityIndicator
  animating={true}
  color="blue"
  hidesWhenStopped={true}
  size="large"
/>
`;
